// Jest Snapshot v1, https://goo.gl/fbAQLP

exports[`renders correctly with example props 1`] = `
<View
  style={
    Object {
      "flex": 1,
      "flexDirection": "row",
      "justifyContent": "space-between",
      "marginVertical": 4,
    }
  }
>
  <Text
    accessible={true}
    allowFontScaling={true}
    ellipsizeMode="tail"
    style={
      Object {
        "color": "#5a95ff",
        "fontSize": 15,
      }
    }
  >
    EKSEMPEL
  </Text>
  <View
    style={
      Object {
        "borderBottomColor": "#5a95ff",
        "borderBottomWidth": 1.5,
      }
    }
  >
    <Text
      accessible={true}
      allowFontScaling={true}
      ellipsizeMode="tail"
      style={
        Object {
          "color": "#545454",
          "fontSize": 15,
          "textAlign": "right",
        }
      }
    >
      0
       steps
    </Text>
  </View>
</View>
`;
