// Jest Snapshot v1, https://goo.gl/fbAQLP

exports[`TextIcon renders correctly without props 1`] = `
<Text
  accessible={true}
  allowFontScaling={true}
  ellipsizeMode="tail"
/>
`;
