// Jest Snapshot v1, https://goo.gl/fbAQLP

exports[`renders shallow correctly without props 1`] = `
<ScrollViewMock
  style={
    Object {
      "backgroundColor": "#fff",
      "flex": 1,
    }
  }
>
  <Component
    style={
      Array [
        Object {
          "flex": 1,
          "paddingHorizontal": 20,
          "paddingVertical": 30,
        },
      ]
    }
  >
    <Text
      accessible={true}
      allowFontScaling={true}
      ellipsizeMode="tail"
      style={
        Object {
          "color": "#5a95ff",
          "fontSize": 18,
          "lineHeight": 20,
          "paddingBottom": 10,
          "paddingHorizontal": 15,
          "textAlign": "center",
        }
      }
    >
      Walk a little bit more!
    </Text>
    <ProgressBarContainer
      dailyGoal={10000}
      stepsToday={0}
    />
    <Component>
      <StatisticsContainer
        stepsThisWeek={0}
        stepsToday={0}
      />
    </Component>
    <Component
      style={
        Object {
          "backgroundColor": "#fff",
          "flex": 1,
        }
      }
    >
      <Image
        source={1}
        style={
          Object {
            "height": 220,
            "resizeMode": "contain",
            "width": null,
          }
        }
      />
    </Component>
    <Text
      accessible={true}
      allowFontScaling={true}
      ellipsizeMode="tail"
      style={
        Object {
          "color": "#5a95ff",
          "fontSize": 18,
          "lineHeight": 20,
          "paddingBottom": 10,
          "paddingHorizontal": 15,
          "textAlign": "center",
        }
      }
    >
      Walking is good for your body! 
Go walk a little more.
    </Text>
  </Component>
</ScrollViewMock>
`;
